---
source: crates/hector-cli/tests/cli_e2e_doctor.rs
expression: value
---
{
  "checks": [
    {
      "detail": "[REDACTED]",
      "name": "binary",
      "remediation": null,
      "status": "pass"
    },
    {
      "detail": "[REDACTED]",
      "name": "config",
      "remediation": null,
      "status": "pass"
    },
    {
      "detail": "[REDACTED]",
      "name": "parses",
      "remediation": null,
      "status": "pass"
    },
    {
      "detail": "[REDACTED]",
      "name": "trust",
      "remediation": null,
      "status": "pass"
    },
    {
      "detail": "[REDACTED]",
      "name": "schema",
      "remediation": null,
      "status": "pass"
    },
    {
      "detail": "[REDACTED]",
      "name": "scope_globs",
      "remediation": null,
      "status": "pass"
    },
    {
      "detail": "[REDACTED]",
      "name": "engines",
      "remediation": null,
      "status": "pass"
    },
    {
      "detail": "[REDACTED]",
      "name": "adapter",
      "remediation": "[REDACTED]",
      "status": "warn"
    },
    {
      "detail": "[REDACTED]",
      "name": "runtime_state",
      "remediation": null,
      "status": "pass"
    }
  ],
  "hector_version": "[REDACTED]"
}
