---
source: crates/hector-core/tests/verdict_snapshot.rs
expression: v
---
{
  "schema_version": 3,
  "hector_version": "[VERSION]",
  "status": "internal_error",
  "violations": [
    {
      "rule_id": "no-derived-state__internal",
      "severity": "error",
      "engine": "internal",
      "file": "src/app.tsx",
      "line": null,
      "column": null,
      "message": "ast engine refused malformed diff",
      "suggestion": null,
      "context": null
    }
  ],
  "passed_checks": [],
  "elapsed_ms": 7
}
